// Jest Snapshot v1, https://goo.gl/fbAQLP

exports[`ChangePassword matches snapshot 1`] = `
<div>
  <form
    onSubmit={[Function]}
  >
    <label>
      Enter Current Password:
      <input
        name="current"
        onChange={[Function]}
        type="password"
        value=""
      />
    </label>
    <label>
      Enter New Password:
      <input
        name="new"
        onChange={[Function]}
        type="password"
        value=""
      />
    </label>
    <button
      type="submit"
    >
       Change Password 
    </button>
  </form>
  <div>
     
     
  </div>
</div>
`;
